app/admin/reports/_components/TopCustomers.tsx(11,8): error TS2307: Cannot find module '@/components/ui/table' or its corresponding type declarations.
